DEBUG:root:this is debug msg
INFO:root:this is info msg
DEBUG:root:this is debug msg
INFO:root:this is info msg
DEBUG:root:this is debug msg
INFO:root:this is info msg
DEBUG:root:hello this is debbug msg
DEBUG:root:this is debug msg
INFO:root:this is info msg
DEBUG:crest_logger:hello this is debbug msg
DEBUG:root:this is debug msg
INFO:root:this is info msg
DEBUG:crest_logger:hello this is debbug msg
DEBUG:root:this is debug msg
INFO:root:this is info msg
DEBUG:crest_logger:hello this is debbug msg
INFO:crest_logger:hello this is info msg
WARNING:crest_logger:hello this is warning msg
WARNING:crest_logger:hello this is warning msg
ERROR:crest_logger:hello this is warning msg
WARNING:__main__:hello this is warning msg
ERROR:__main__:hello this is warning msg
WARNING:test.log:hello this is warning msg
ERROR:test.log:hello this is warning msg
INFO:root:calling add with args=(4, 8) , kwargs={}
DEBUG:root:add returned 12
